
Checking parameters for BSIM 4.5 model xring.xm2:sky130_fd_pr__nfet_01v8__model.8
Warning: Cdscd = -0.000292111 is negative.
